
> 4lpha-execution@0.1.0 typecheck
> tsc --noEmit

scripts/billing-build-collector.ts(3,3): error TS2305: Module '"../src/billing/collectorCompiler.js"' has no exported member 'billingCollectorBuildManifest'.
scripts/billing-build-collector.ts(4,3): error TS2305: Module '"../src/billing/collectorCompiler.js"' has no exported member 'canonicalBillingCollectorBuildManifest'.
src/billing/awsBillingAdapter.ts(29,3): error TS2305: Module '"./custody.js"' has no exported member 'BillingAccountKeyV1'.
src/billing/awsBillingAdapter.ts(30,3): error TS2305: Module '"./custody.js"' has no exported member 'BillingAdapterConfigV2'.
src/billing/awsBillingAdapter.ts(31,3): error TS2305: Module '"./custody.js"' has no exported member 'BillingBscObservationV1'.
src/billing/awsBillingAdapter.ts(32,3): error TS2305: Module '"./custody.js"' has no exported member 'BillingCanExecuteCheckV1'.
src/billing/awsBillingAdapter.ts(33,3): error TS2305: Module '"./custody.js"' has no exported member 'BillingSessionRefV1'.
src/billing/awsBillingAdapter.ts(34,3): error TS2305: Module '"./custody.js"' has no exported member 'BillingSpendInfoV1'.
src/billing/awsBillingAdapter.ts(36,3): error TS2305: Module '"./custody.js"' has no exported member 'Hex32'.
src/billing/awsBillingAdapter.ts(37,3): error TS2305: Module '"./custody.js"' has no exported member 'Hex65'.
src/billing/awsBillingAdapter.ts(38,3): error TS2305: Module '"./custody.js"' has no exported member 'OgCredentialV1'.
src/billing/awsBillingAdapter.ts(39,3): error TS2305: Module '"./custody.js"' has no exported member 'OgSecretVersionRefV1'.
src/billing/awsBillingAdapter.ts(40,3): error TS2724: '"./custody.js"' has no exported member named 'ProductionBillingCustodyAndRelayPrimitives'. Did you mean 'loadBillingCustodyAndRelayPrimitives'?
src/billing/awsBillingAdapter.ts(669,45): error TS7006: Parameter 'row' implicitly has an 'any' type.
src/billing/awsBillingAdapter.ts(877,33): error TS7006: Parameter 'input' implicitly has an 'any' type.
src/billing/awsBillingAdapter.ts(892,22): error TS7006: Parameter 'input' implicitly has an 'any' type.
src/billing/awsBillingAdapter.ts(902,30): error TS7006: Parameter 'input' implicitly has an 'any' type.
src/billing/awsBillingAdapter.ts(912,32): error TS7006: Parameter 'input' implicitly has an 'any' type.
src/billing/awsBillingAdapter.ts(919,30): error TS7006: Parameter 'input' implicitly has an 'any' type.
src/billing/awsBillingAdapter.ts(932,26): error TS7006: Parameter 'input' implicitly has an 'any' type.
src/billing/awsBillingAdapter.ts(991,23): error TS7006: Parameter 'prepared' implicitly has an 'any' type.
src/billing/awsBillingAdapter.ts(1017,25): error TS7006: Parameter 'callsId' implicitly has an 'any' type.
src/billing/awsBillingCredentials.ts(5,75): error TS2307: Cannot find module '@smithy/types' or its corresponding type declarations.
src/billing/awsBillingProduction.ecs.ts(4,15): error TS2305: Module '"./custody.js"' has no exported member 'BillingAdapterConfigV2'.
src/billing/awsBillingProduction.ecs.ts(4,39): error TS2724: '"./custody.js"' has no exported member named 'ProductionBillingCustodyAndRelayPrimitives'. Did you mean 'loadBillingCustodyAndRelayPrimitives'?
src/billing/awsBillingProduction.internal.ts(7,8): error TS2307: Cannot find module '@aws-sdk/client-kms' or its corresponding type declarations.
src/billing/awsBillingProduction.internal.ts(9,42): error TS2307: Cannot find module '@aws-sdk/client-secrets-manager' or its corresponding type declarations.
src/billing/awsBillingProduction.internal.ts(10,75): error TS2307: Cannot find module '@aws-sdk/client-sts' or its corresponding type declarations.
src/billing/awsBillingProduction.internal.ts(11,33): error TS2307: Cannot find module '@smithy/node-http-handler' or its corresponding type declarations.
src/billing/awsBillingProduction.internal.ts(12,52): error TS2307: Cannot find module '@smithy/types' or its corresponding type declarations.
src/billing/awsBillingProduction.internal.ts(29,3): error TS2305: Module '"./custody.js"' has no exported member 'BillingAdapterConfigV2'.
src/billing/awsBillingProduction.internal.ts(30,3): error TS2305: Module '"./custody.js"' has no exported member 'OgSecretVersionRefV1'.
src/billing/awsBillingProduction.internal.ts(31,3): error TS2724: '"./custody.js"' has no exported member named 'ProductionBillingCustodyAndRelayPrimitives'. Did you mean 'loadBillingCustodyAndRelayPrimitives'?
src/billing/awsBillingProduction.ts(6,3): error TS2305: Module '"./custody.js"' has no exported member 'BillingAdapterConfigV2'.
src/billing/awsBillingProduction.ts(7,3): error TS2724: '"./custody.js"' has no exported member named 'ProductionBillingCustodyAndRelayPrimitives'. Did you mean 'loadBillingCustodyAndRelayPrimitives'?
src/billing/awsBillingSessionIdentity.ts(7,8): error TS2307: Cannot find module '@aws-sdk/client-kms' or its corresponding type declarations.
src/billing/awsBillingSessionIdentity.ts(8,75): error TS2307: Cannot find module '@aws-sdk/client-sts' or its corresponding type declarations.
src/billing/awsBillingSessionIdentity.ts(9,33): error TS2307: Cannot find module '@smithy/node-http-handler' or its corresponding type declarations.
src/billing/awsBillingSessionIdentity.ts(10,52): error TS2307: Cannot find module '@smithy/types' or its corresponding type declarations.
src/billing/collectorDeployment.ts(13,3): error TS2305: Module '"./collectorCompiler.js"' has no exported member 'BILLING_COLLECTOR_CREATION_BYTES'.
src/billing/collectorDeployment.ts(14,3): error TS2305: Module '"./collectorCompiler.js"' has no exported member 'BILLING_COLLECTOR_RUNTIME_TEMPLATE_BYTES'.
src/billing/collectorDeployment.ts(15,3): error TS2305: Module '"./collectorCompiler.js"' has no exported member 'BILLING_COLLECTOR_TREASURY_AST_ID'.
src/billing/collectorDeployment.ts(16,3): error TS2305: Module '"./collectorCompiler.js"' has no exported member 'BILLING_COLLECTOR_TREASURY_OFFSETS'.
src/billing/collectorDeployment.ts(17,3): error TS2724: '"./collectorCompiler.js"' has no exported member named 'assertBillingCollectorArtifactShape'. Did you mean 'BillingCollectorArtifact'?
src/billing/collectorDeployment.ts(137,40): error TS2339: Property 'runtimeTemplate' does not exist on type 'Readonly<{ solcVersion: string; abi: unknown; creationBytecode: `0x${string}`; runtimeBytecode: `0x${string}`; creationBytecodeHash: `0x${string}`; runtimeBytecodeHash: `0x${string}`; }>'.
src/billing/collectorDeployment.ts(139,31): error TS2339: Property 'immutableReferences' does not exist on type 'Readonly<{ solcVersion: string; abi: unknown; creationBytecode: `0x${string}`; runtimeBytecode: `0x${string}`; creationBytecodeHash: `0x${string}`; runtimeBytecodeHash: `0x${string}`; }>'.
src/billing/collectorDeployment.ts(151,26): error TS2339: Property 'runtimeTemplate' does not exist on type 'Readonly<{ solcVersion: string; abi: unknown; creationBytecode: `0x${string}`; runtimeBytecode: `0x${string}`; creationBytecodeHash: `0x${string}`; runtimeBytecodeHash: `0x${string}`; }>'.
src/billing/collectorDeployment.ts(151,56): error TS2339: Property 'runtimeTemplateHash' does not exist on type 'Readonly<{ solcVersion: string; abi: unknown; creationBytecode: `0x${string}`; runtimeBytecode: `0x${string}`; creationBytecodeHash: `0x${string}`; runtimeBytecodeHash: `0x${string}`; }>'.
src/billing/collectorDeployment.ts(168,44): error TS2339: Property 'runtimeTemplateHash' does not exist on type 'Readonly<{ solcVersion: string; abi: unknown; creationBytecode: `0x${string}`; runtimeBytecode: `0x${string}`; creationBytecodeHash: `0x${string}`; runtimeBytecodeHash: `0x${string}`; }>'.
src/billing/collectorDeployment.ts(187,35): error TS2339: Property 'runtimeTemplateHash' does not exist on type 'Readonly<{ solcVersion: string; abi: unknown; creationBytecode: `0x${string}`; runtimeBytecode: `0x${string}`; creationBytecodeHash: `0x${string}`; runtimeBytecodeHash: `0x${string}`; }>'.
src/billing/productionAcquisition.ts(19,3): error TS2305: Module '"./custody.js"' has no exported member 'BillingAccountKeyV1'.
src/billing/productionAcquisition.ts(20,3): error TS2305: Module '"./custody.js"' has no exported member 'BillingBscObservationV1'.
src/billing/productionAcquisition.ts(21,3): error TS2305: Module '"./custody.js"' has no exported member 'BillingCanExecuteCheckV1'.
src/billing/productionAcquisition.ts(22,3): error TS2305: Module '"./custody.js"' has no exported member 'BillingSessionRefV1'.
src/billing/productionAcquisition.ts(23,3): error TS2305: Module '"./custody.js"' has no exported member 'BillingSpendInfoV1'.
src/billing/productionAcquisition.ts(24,3): error TS2305: Module '"./custody.js"' has no exported member 'Hex32'.
src/billing/productionAcquisition.ts(39,3): error TS2305: Module '"./transport.js"' has no exported member 'resolveBillingOriginPins'.
src/billing/productionAcquisition.ts(41,8): error TS2459: Module '"./transport.js"' declares 'LookupAll' locally, but it is not exported.
src/billing/productionAcquisition.ts(483,38): error TS7006: Parameter 'pin' implicitly has an 'any' type.
src/billing/productionAcquisition.ts(493,23): error TS2345: Argument of type '{} | null' is not assignable to parameter of type 'Readonly<{ origin: BootPinnedOrigin; hostname: string; address: string; family: 4 | 6; answerSet: readonly string[]; }>'.
  Type 'null' is not assignable to type 'Readonly<{ origin: BootPinnedOrigin; hostname: string; address: string; family: 4 | 6; answerSet: readonly string[]; }>'.
src/billing/productionAcquisition.ts(496,70): error TS18047: 'pin' is possibly 'null'.
src/billing/productionAcquisition.ts(496,74): error TS2339: Property 'hostname' does not exist on type '{}'.
src/billing/productionAcquisition.ts(497,23): error TS18047: 'pin' is possibly 'null'.
src/billing/productionAcquisition.ts(497,27): error TS2339: Property 'hostname' does not exist on type '{}'.
src/billing/productionAcquisition.ts(497,54): error TS18047: 'pin' is possibly 'null'.
src/billing/productionAcquisition.ts(497,58): error TS2339: Property 'hostname' does not exist on type '{}'.
src/billing/productionAcquisition.ts(499,69): error TS18047: 'pin' is possibly 'null'.
src/billing/productionAcquisition.ts(499,73): error TS2339: Property 'address' does not exist on type '{}'.
src/billing/productionAcquisition.ts(499,82): error TS18047: 'pin' is possibly 'null'.
src/billing/productionAcquisition.ts(499,86): error TS2339: Property 'family' does not exist on type '{}'.
src/billing/productionCoreBridge.ts(2,37): error TS2305: Module '"./collection.js"' has no exported member 'CollectionAuthorityBoundary'.
src/billing/productionCoreBridge.ts(5,3): error TS2305: Module '"./custody.js"' has no exported member 'BillingBscObservationV1'.
src/billing/productionCoreBridge.ts(6,3): error TS2305: Module '"./custody.js"' has no exported member 'BillingCanExecuteCheckV1'.
src/billing/productionCoreBridge.ts(8,3): error TS2305: Module '"./custody.js"' has no exported member 'BillingSessionRefV1'.
src/billing/productionCoreBridge.ts(9,3): error TS2724: '"./custody.js"' has no exported member named 'ProductionBillingCustodyAndRelayPrimitives'. Did you mean 'loadBillingCustodyAndRelayPrimitives'?
src/billing/productionCoreBridge.ts(13,10): error TS2305: Module '"./types.js"' has no exported member 'billingAccountCustodyKind'.
src/billing/productionCoreBridge.ts(43,63): error TS2339: Property 'sessionKmsKeyArn' does not exist on type 'Readonly<{ accountId: string; ownerAddress: string; walletAddress: string; status: BillingAccountStatus; sessionFactsBytes: string; encryptedSessionKey: string; maxDailyUsdMicros: bigint; ... 8 more ...; updatedAt: number; }>'.
src/billing/productionCoreBridge.ts(44,15): error TS2339: Property 'sessionGeneration' does not exist on type 'Readonly<{ accountId: string; ownerAddress: string; walletAddress: string; status: BillingAccountStatus; sessionFactsBytes: string; encryptedSessionKey: string; maxDailyUsdMicros: bigint; ... 8 more ...; updatedAt: number; }>'.
src/billing/productionCoreBridge.ts(44,52): error TS2339: Property 'sessionPublicKey' does not exist on type 'Readonly<{ accountId: string; ownerAddress: string; walletAddress: string; status: BillingAccountStatus; sessionFactsBytes: string; encryptedSessionKey: string; maxDailyUsdMicros: bigint; ... 8 more ...; updatedAt: number; }>'.
src/billing/productionCoreBridge.ts(51,24): error TS2339: Property 'sessionKmsKeyArn' does not exist on type 'Readonly<{ accountId: string; ownerAddress: string; walletAddress: string; status: BillingAccountStatus; sessionFactsBytes: string; encryptedSessionKey: string; maxDailyUsdMicros: bigint; ... 8 more ...; updatedAt: number; }>'.
src/billing/productionCoreBridge.ts(52,24): error TS2339: Property 'sessionPublicKey' does not exist on type 'Readonly<{ accountId: string; ownerAddress: string; walletAddress: string; status: BillingAccountStatus; sessionFactsBytes: string; encryptedSessionKey: string; maxDailyUsdMicros: bigint; ... 8 more ...; updatedAt: number; }>'.
src/billing/productionCoreBridge.ts(53,25): error TS2339: Property 'sessionGeneration' does not exist on type 'Readonly<{ accountId: string; ownerAddress: string; walletAddress: string; status: BillingAccountStatus; sessionFactsBytes: string; encryptedSessionKey: string; maxDailyUsdMicros: bigint; ... 8 more ...; updatedAt: number; }>'.
src/billing/productionCoreBridge.ts(163,79): error TS2339: Property 'sessionGeneration' does not exist on type 'Readonly<{ accountId: string; ownerAddress: string; walletAddress: string; status: BillingAccountStatus; sessionFactsBytes: string; encryptedSessionKey: string; maxDailyUsdMicros: bigint; ... 8 more ...; updatedAt: number; }>'.
src/billing/productionCoreBridge.ts(192,50): error TS2339: Property 'sessionGeneration' does not exist on type 'Readonly<{ accountId: string; ownerAddress: string; walletAddress: string; status: BillingAccountStatus; sessionFactsBytes: string; encryptedSessionKey: string; maxDailyUsdMicros: bigint; ... 8 more ...; updatedAt: number; }>'.
src/billing/productionCoreBridge.ts(193,21): error TS2339: Property 'sessionKmsKeyArn' does not exist on type 'Readonly<{ accountId: string; ownerAddress: string; walletAddress: string; status: BillingAccountStatus; sessionFactsBytes: string; encryptedSessionKey: string; maxDailyUsdMicros: bigint; ... 8 more ...; updatedAt: number; }>'.
src/billing/productionCoreBridge.ts(193,55): error TS2339: Property 'sessionPublicKey' does not exist on type 'Readonly<{ accountId: string; ownerAddress: string; walletAddress: string; status: BillingAccountStatus; sessionFactsBytes: string; encryptedSessionKey: string; maxDailyUsdMicros: bigint; ... 8 more ...; updatedAt: number; }>'.
src/billing/productionExpiryProbe.ts(9,15): error TS2305: Module '"./custody.js"' has no exported member 'Hex65'.
src/billing/sessionGenerations.ts(7,10): error TS2305: Module '"./types.js"' has no exported member 'billingAccountCustodyKind'.
src/billing/sessionGenerations.ts(1044,63): error TS2339: Property 'sessionStateVersion' does not exist on type 'Readonly<{ accountId: string; ownerAddress: string; walletAddress: string; status: BillingAccountStatus; sessionFactsBytes: string; encryptedSessionKey: string; maxDailyUsdMicros: bigint; ... 8 more ...; updatedAt: number; }>'.
src/billing/sessionGenerations.ts(1054,32): error TS2339: Property 'sessionGeneration' does not exist on type 'Readonly<{ accountId: string; ownerAddress: string; walletAddress: string; status: BillingAccountStatus; sessionFactsBytes: string; encryptedSessionKey: string; maxDailyUsdMicros: bigint; ... 8 more ...; updatedAt: number; }>'.
src/billing/sessionGenerations.ts(1055,22): error TS2339: Property 'sessionStateVersion' does not exist on type 'Readonly<{ accountId: string; ownerAddress: string; walletAddress: string; status: BillingAccountStatus; sessionFactsBytes: string; encryptedSessionKey: string; maxDailyUsdMicros: bigint; ... 8 more ...; updatedAt: number; }>'.
src/billing/sessionGenerations.ts(1106,19): error TS2339: Property 'sessionGeneration' does not exist on type 'Readonly<{ accountId: string; ownerAddress: string; walletAddress: string; status: BillingAccountStatus; sessionFactsBytes: string; encryptedSessionKey: string; maxDailyUsdMicros: bigint; ... 8 more ...; updatedAt: number; }>'.
src/billing/sessionGenerations.ts(1106,57): error TS2339: Property 'sessionGeneration' does not exist on type 'Readonly<{ accountId: string; ownerAddress: string; walletAddress: string; status: BillingAccountStatus; sessionFactsBytes: string; encryptedSessionKey: string; maxDailyUsdMicros: bigint; ... 8 more ...; updatedAt: number; }>'.
src/billing/sessionGenerations.ts(1107,75): error TS2339: Property 'sessionKmsKeyArn' does not exist on type 'Readonly<{ accountId: string; ownerAddress: string; walletAddress: string; status: BillingAccountStatus; sessionFactsBytes: string; encryptedSessionKey: string; maxDailyUsdMicros: bigint; ... 8 more ...; updatedAt: number; }>'.
src/billing/sessionGenerations.ts(1107,112): error TS2339: Property 'sessionPublicKey' does not exist on type 'Readonly<{ accountId: string; ownerAddress: string; walletAddress: string; status: BillingAccountStatus; sessionFactsBytes: string; encryptedSessionKey: string; maxDailyUsdMicros: bigint; ... 8 more ...; updatedAt: number; }>'.
src/billing/sessionGenerations.ts(1111,73): error TS2339: Property 'sessionGeneration' does not exist on type 'Readonly<{ accountId: string; ownerAddress: string; walletAddress: string; status: BillingAccountStatus; sessionFactsBytes: string; encryptedSessionKey: string; maxDailyUsdMicros: bigint; ... 8 more ...; updatedAt: number; }>'.
src/billing/sessionGenerations.ts(1112,68): error TS2339: Property 'sessionKmsKeyArn' does not exist on type 'Readonly<{ accountId: string; ownerAddress: string; walletAddress: string; status: BillingAccountStatus; sessionFactsBytes: string; encryptedSessionKey: string; maxDailyUsdMicros: bigint; ... 8 more ...; updatedAt: number; }>'.
src/billing/sessionGenerations.ts(1113,43): error TS2339: Property 'sessionPublicKey' does not exist on type 'Readonly<{ accountId: string; ownerAddress: string; walletAddress: string; status: BillingAccountStatus; sessionFactsBytes: string; encryptedSessionKey: string; maxDailyUsdMicros: bigint; ... 8 more ...; updatedAt: number; }>'.
src/billing/sessionGenerations.ts(1209,7): error TS2322: Type 'null' is not assignable to type 'string'.
src/billing/sessionGenerations.ts(1230,49): error TS2339: Property 'sessionStateVersion' does not exist on type 'Readonly<{ accountId: string; ownerAddress: string; walletAddress: string; status: BillingAccountStatus; sessionFactsBytes: string; encryptedSessionKey: string; maxDailyUsdMicros: bigint; ... 8 more ...; updatedAt: number; }>'.
src/billing/sessionGenerations.ts(1231,60): error TS2339: Property 'sessionKmsKeyArn' does not exist on type 'Readonly<{ accountId: string; ownerAddress: string; walletAddress: string; status: BillingAccountStatus; sessionFactsBytes: string; encryptedSessionKey: string; maxDailyUsdMicros: bigint; ... 8 more ...; updatedAt: number; }>'.
src/billing/sessionGenerations.ts(1232,17): error TS2339: Property 'sessionGeneration' does not exist on type 'Readonly<{ accountId: string; ownerAddress: string; walletAddress: string; status: BillingAccountStatus; sessionFactsBytes: string; encryptedSessionKey: string; maxDailyUsdMicros: bigint; ... 8 more ...; updatedAt: number; }>'.
src/billing/sessionGenerations.ts(1232,64): error TS2339: Property 'sessionPublicKey' does not exist on type 'Readonly<{ accountId: string; ownerAddress: string; walletAddress: string; status: BillingAccountStatus; sessionFactsBytes: string; encryptedSessionKey: string; maxDailyUsdMicros: bigint; ... 8 more ...; updatedAt: number; }>'.
src/billing/sessionGenerations.ts(1233,17): error TS2339: Property 'sessionStateVersion' does not exist on type 'Readonly<{ accountId: string; ownerAddress: string; walletAddress: string; status: BillingAccountStatus; sessionFactsBytes: string; encryptedSessionKey: string; maxDailyUsdMicros: bigint; ... 8 more ...; updatedAt: number; }>'.
src/billing/sessionLifecycle.ts(17,10): error TS2305: Module '"./types.js"' has no exported member 'billingAccountCustodyKind'.
src/billing/sessionLifecycle.ts(147,5): error TS2322: Type '"billingSessionGrant" | "billingSessionRevoke"' is not assignable to type 'OwnerActionType'.
  Type '"billingSessionGrant"' is not assignable to type 'OwnerActionType'.
src/billing/sessionLifecycle.ts(207,7): error TS2322: Type 'null' is not assignable to type 'string'.
test/billing.awsAdapter.test.ts(27,3): error TS2305: Module '"../src/billing/custody.js"' has no exported member 'BillingAdapterConfigV2'.
test/billing.awsAdapter.test.ts(28,3): error TS2305: Module '"../src/billing/custody.js"' has no exported member 'BillingBscObservationV1'.
test/billing.awsAdapter.test.ts(29,3): error TS2305: Module '"../src/billing/custody.js"' has no exported member 'BillingRelayPrepareV1'.
test/billing.awsAdapter.test.ts(30,3): error TS2305: Module '"../src/billing/custody.js"' has no exported member 'BillingSessionRefV1'.
test/billing.awsAdapter.test.ts(31,3): error TS2305: Module '"../src/billing/custody.js"' has no exported member 'Hex32'.
test/billing.awsAdapter.test.ts(33,10): error TS2305: Module '"../src/billing/custody.js"' has no exported member 'billingAdapterConfigFromProductionManifest'.
test/billing.awsAdapter.test.ts(34,3): error TS2724: '"../src/billing/custody.js"' has no exported member named 'loadProductionBillingCustodyAndRelayPrimitives'. Did you mean 'loadBillingCustodyAndRelayPrimitives'?
test/billing.awsProduction.test.ts(12,15): error TS2305: Module '"../src/billing/custody.js"' has no exported member 'BillingAdapterConfigV2'.
test/billing.awsProduction.test.ts(12,39): error TS2305: Module '"../src/billing/custody.js"' has no exported member 'BillingRelayPrepareV1'.
test/billing.awsProduction.test.ts(12,62): error TS2305: Module '"../src/billing/custody.js"' has no exported member 'BillingSessionRefV1'.
test/billing.awsProduction.test.ts(13,3): error TS2305: Module '"../src/billing/custody.js"' has no exported member 'Hex32'.
test/billing.collectorDeployment.test.ts(7,3): error TS2305: Module '"../src/billing/collectorCompiler.js"' has no exported member 'billingCollectorBuildManifest'.
test/billing.collectorDeployment.test.ts(8,3): error TS2305: Module '"../src/billing/collectorCompiler.js"' has no exported member 'canonicalBillingCollectorBuildManifest'.
test/billing.collectorDeployment.test.ts(11,8): error TS2305: Module '"../src/billing/collectorCompiler.js"' has no exported member 'BillingCollectorImmutableReferences'.
test/billing.collectorDeployment.test.ts(39,25): error TS2353: Object literal may only specify known properties, and 'immutableReferences' does not exist in type 'Readonly<{ solcVersion: string; abi: unknown; creationBytecode: `0x${string}`; runtimeBytecode: `0x${string}`; creationBytecodeHash: `0x${string}`; runtimeBytecodeHash: `0x${string}`; }>'.
test/billing.collectorDeployment.test.ts(44,26): error TS2339: Property 'runtimeTemplate' does not exist on type 'Readonly<{ solcVersion: string; abi: unknown; creationBytecode: `0x${string}`; runtimeBytecode: `0x${string}`; creationBytecodeHash: `0x${string}`; runtimeBytecodeHash: `0x${string}`; }>'.
test/billing.collectorDeployment.test.ts(45,29): error TS2339: Property 'immutableReferences' does not exist on type 'Readonly<{ solcVersion: string; abi: unknown; creationBytecode: `0x${string}`; runtimeBytecode: `0x${string}`; creationBytecodeHash: `0x${string}`; runtimeBytecodeHash: `0x${string}`; }>'.
test/billing.collectorDeployment.test.ts(48,25): error TS2339: Property 'sourceSha256' does not exist on type 'Readonly<{ solcVersion: string; abi: unknown; creationBytecode: `0x${string}`; runtimeBytecode: `0x${string}`; creationBytecodeHash: `0x${string}`; runtimeBytecodeHash: `0x${string}`; }>'.
test/billing.collectorDeployment.test.ts(50,25): error TS2339: Property 'runtimeTemplateHash' does not exist on type 'Readonly<{ solcVersion: string; abi: unknown; creationBytecode: `0x${string}`; runtimeBytecode: `0x${string}`; creationBytecodeHash: `0x${string}`; runtimeBytecodeHash: `0x${string}`; }>'.
test/billing.collectorDeployment.test.ts(51,25): error TS2339: Property 'templateOnly' does not exist on type 'Readonly<{ solcVersion: string; abi: unknown; creationBytecode: `0x${string}`; runtimeBytecode: `0x${string}`; creationBytecodeHash: `0x${string}`; runtimeBytecodeHash: `0x${string}`; }>'.
test/billing.collectorDeployment.test.ts(52,51): error TS2339: Property 'runtimeTemplate' does not exist on type 'Readonly<{ solcVersion: string; abi: unknown; creationBytecode: `0x${string}`; runtimeBytecode: `0x${string}`; creationBytecodeHash: `0x${string}`; runtimeBytecodeHash: `0x${string}`; }>'.
test/billing.collectorDeployment.test.ts(53,55): error TS2339: Property 'runtimeTemplateHash' does not exist on type 'Readonly<{ solcVersion: string; abi: unknown; creationBytecode: `0x${string}`; runtimeBytecode: `0x${string}`; creationBytecodeHash: `0x${string}`; runtimeBytecodeHash: `0x${string}`; }>'.
test/billing.collectorDeployment.test.ts(151,38): error TS2339: Property 'runtimeTemplate' does not exist on type 'Readonly<{ solcVersion: string; abi: unknown; creationBytecode: `0x${string}`; runtimeBytecode: `0x${string}`; creationBytecodeHash: `0x${string}`; runtimeBytecodeHash: `0x${string}`; }>'.
test/billing.collectorDeployment.test.ts(156,5): error TS2353: Object literal may only specify known properties, and 'runtimeTemplate' does not exist in type 'Readonly<{ solcVersion: string; abi: unknown; creationBytecode: `0x${string}`; runtimeBytecode: `0x${string}`; creationBytecodeHash: `0x${string}`; runtimeBytecodeHash: `0x${string}`; }>'.
test/billing.productionAcquisition.test.ts(24,15): error TS2305: Module '"../src/billing/custody.js"' has no exported member 'BillingCanExecuteCheckV1'.
test/billing.productionAcquisition.test.ts(24,41): error TS2305: Module '"../src/billing/custody.js"' has no exported member 'BillingSessionRefV1'.
test/billing.productionAcquisition.test.ts(24,62): error TS2305: Module '"../src/billing/custody.js"' has no exported member 'Hex32'.
test/billing.productionCoreBridge.test.ts(6,3): error TS2305: Module '"../src/billing/custody.js"' has no exported member 'BillingCanExecuteCheckV1'.
test/billing.productionCoreBridge.test.ts(7,3): error TS2305: Module '"../src/billing/custody.js"' has no exported member 'BillingSessionRefV1'.
test/billing.productionCoreBridge.test.ts(8,3): error TS2724: '"../src/billing/custody.js"' has no exported member named 'ProductionBillingCustodyAndRelayPrimitives'. Did you mean 'loadBillingCustodyAndRelayPrimitives'?
test/billing.productionCoreBridge.test.ts(24,73): error TS2322: Type 'null' is not assignable to type 'string'.
test/billing.productionCoreBridge.test.ts(55,24): error TS7031: Binding element 'keyArn' implicitly has an 'any' type.
test/billing.productionCoreBridge.test.ts(55,32): error TS7031: Binding element 'digest' implicitly has an 'any' type.
test/billing.productionCoreBridge.test.ts(60,30): error TS7006: Parameter 'input' implicitly has an 'any' type.
test/billing.productionCoreBridge.test.ts(61,84): error TS2339: Property 'sessionKmsKeyArn' does not exist on type 'Readonly<{ accountId: string; ownerAddress: string; walletAddress: string; status: BillingAccountStatus; sessionFactsBytes: string; encryptedSessionKey: string; maxDailyUsdMicros: bigint; ... 8 more ...; updatedAt: number; }>'.
test/billing.productionCoreBridge.test.ts(64,28): error TS7006: Parameter 'input' implicitly has an 'any' type.
test/billing.productionCoreBridge.test.ts(68,24): error TS7006: Parameter 'input' implicitly has an 'any' type.
test/billing.productionExposureSnapshot.test.ts(16,28): error TS2322: Type 'string | null' is not assignable to type 'string'.
  Type 'null' is not assignable to type 'string'.
test/billing.sessionGenerations.test.ts(147,45): error TS2345: Argument of type '"billingSessionGrant" | "billingSessionRevoke"' is not assignable to parameter of type 'OwnerActionType'.
  Type '"billingSessionGrant"' is not assignable to type 'OwnerActionType'.
test/billing.sessionLifecycle.test.ts(23,35): error TS2322: Type 'null' is not assignable to type 'string'.
test/billing.sessionPostgres.test.ts(128,39): error TS2322: Type 'null' is not assignable to type 'string'.
test/billing.sessionPostgres.test.ts(194,35): error TS2339: Property 'sessionGeneration' does not exist on type 'Readonly<{ accountId: string; ownerAddress: string; walletAddress: string; status: BillingAccountStatus; sessionFactsBytes: string; encryptedSessionKey: string; maxDailyUsdMicros: bigint; ... 8 more ...; updatedAt: number; }>'.
test/billing.sessionRoutes.test.ts(36,5): error TS2322: Type 'null' is not assignable to type 'string'.
test/billing.sessionRoutes.test.ts(100,7): error TS2322: Type '"billingSessionGrant"' is not assignable to type 'OwnerActionType'.
test/billing.sessionRoutes.test.ts(118,7): error TS2353: Object literal may only specify known properties, and 'sessionGenerations' does not exist in type 'BillingOwnerServerDeps'.
test/billing.sessionRoutes.test.ts(140,40): error TS2345: Argument of type '"billingSessionGrant"' is not assignable to parameter of type 'OwnerActionType'.
test/billing.sessionRoutes.test.ts(166,45): error TS2345: Argument of type '"billingSessionRevoke"' is not assignable to parameter of type 'OwnerActionType'.
test/billing.sessionRoutes.test.ts(177,40): error TS2345: Argument of type '"billingSessionGrant"' is not assignable to parameter of type 'OwnerActionType'.
test/billing.sessionRoutes.test.ts(191,40): error TS2345: Argument of type '"billingSessionGrant"' is not assignable to parameter of type 'OwnerActionType'.
test/billing.ticketBounds.test.ts(3,10): error TS2724: '"../src/billing/canonical.js"' has no exported member named 'MAX_TICKET_SIGNING_BYTES'. Did you mean 'ticketSigningBytes'?
test/deployment.workerSingleton.test.ts(331,5): error TS2353: Object literal may only specify known properties, and 'workerFence' does not exist in type 'Readonly<{ store: BillingStore; now: () => number; bscRpcOrigins: readonly [string, string]; arbitrumRpcOrigins: readonly [string, string]; readOracleObservation(origin: string, feed: "0G_USD" | "BNB_USD" | "ARBITRUM_SEQUENCER"): Promise<...>; reconcileOgUsage(usage: Readonly<...>): Promise<...>; reconcileX402Usage(...'.
test/deployment.workerSingleton.test.ts(501,5): error TS2353: Object literal may only specify known properties, and 'workerFence' does not exist in type 'CreateVenusChainReadersOptions'.
